chmod +x *.sh
gcc -Iinclude/ -I3rdparty/stb/include -Wall -Wfatal-errors -Wno-unused-result -Wno-unknown-pragmas -fPIC -pg -Ofast -fopenmp -c ./src/darknet.c -o obj/darknet.o
g++ -std=c++11 -std=c++11 -Iinclude/ -I3rdparty/stb/include -Wall -Wfatal-errors -Wno-unused-result -Wno-unknown-pragmas -fPIC -pg -Ofast -fopenmp obj/image_opencv.o obj/http_stream.o obj/gemm.o obj/utils.o obj/dark_cuda.o obj/convolutional_layer.o obj/list.o obj/image.o obj/activations.o obj/im2col.o obj/col2im.o obj/blas.o obj/crop_layer.o obj/dropout_layer.o obj/maxpool_layer.o obj/softmax_layer.o obj/data.o obj/matrix.o obj/network.o obj/connected_layer.o obj/cost_layer.o obj/parser.o obj/option_list.o obj/darknet.o obj/detection_layer.o obj/captcha.o obj/route_layer.o obj/writing.o obj/box.o obj/nightmare.o obj/normalization_layer.o obj/avgpool_layer.o obj/coco.o obj/dice.o obj/yolo.o obj/detector.o obj/layer.o obj/compare.o obj/classifier.o obj/local_layer.o obj/swag.o obj/shortcut_layer.o obj/representation_layer.o obj/activation_layer.o obj/rnn_layer.o obj/gru_layer.o obj/rnn.o obj/rnn_vid.o obj/crnn_layer.o obj/demo.o obj/tag.o obj/cifar.o obj/go.o obj/batchnorm_layer.o obj/art.o obj/region_layer.o obj/reorg_layer.o obj/reorg_old_layer.o obj/super.o obj/voxel.o obj/tree.o obj/yolo_layer.o obj/gaussian_yolo_layer.o obj/upsample_layer.o obj/lstm_layer.o obj/conv_lstm_layer.o obj/scale_channels_layer.o obj/sam_layer.o obj/snr_test.o -o darknet -lm -pthread -lgomp
